// Jest Snapshot v1, https://goo.gl/fbAQLP

exports[`Should render component with empty props 1`] = `
<ul
  className="mdl-list"
/>
`;
